// Jest Snapshot v1, https://goo.gl/fbAQLP

exports[`LikedRecipes tests catch fail 1`] = `
<div
  className="alerts"
  id="alerts"
/>
`;
